digraph G {
  compound=true;
  "depgraph" [shape=diamond, ];
  "astring" [style="filled", ];
  "base.caml" [style="filled", ];
  "bos" [style="filled", ];
  "cmdliner" [style="filled", ];
  "fmt" [style="filled", ];
  "fpath" [style="filled", ];
  "logs" [style="filled", ];
  "ocamlgraph" [style="filled", ];
  "opam-core" [style="filled", ];
  "opam-file-format" [style="filled", ];
  "opam-format" [style="filled", ];
  "opam-repository" [style="filled", ];
  "opam-state" [style="filled", ];
  "parsexp" [style="filled", ];
  "ppx_deriving.runtime" [style="filled", ];
  "ppx_sexp_conv.runtime-lib" [style="filled", ];
  "re" [style="filled", ];
  "result" [style="filled", ];
  "rresult" [style="filled", ];
  "seq" [style="filled", ];
  "sexplib" [style="filled", ];
  "sexplib0" [style="filled", ];
  "stdlib-shims" [style="filled", ];
  "bigarray" [style="filled", ];
  "unix" [style="filled", ];
  "ocamlgraph_extra";
  "depgraph__Depgraph" [label="Depgraph", shape=box, ];
  "depgraph__Dune_describe" [label="Dune_describe", shape=box, ];
  "depgraph__Opam_index" [label="Opam_index", shape=box, ];
  "ocamlgraph_extra__Graphviz" [label="Graphviz", shape=box, ];
  "ocamlgraph_extra__Mermaid" [label="Mermaid", shape=box, ];
  "ocamlgraph_extra__Ocamlgraph_extra" [label="Ocamlgraph_extra", shape=box, ];
  "local_package__" [label="", height=0.000000, width=0.000000,
                     fixedsize=true, style="invis", ];
  
  subgraph cluster_102489341 { label="parsexp"; "parsexp";
     };
  subgraph cluster_1029800924 { label="opam-file-format"; "opam-file-format";
     };
  subgraph cluster_129913994 { label="(compiler)"; "unix";"bigarray";
     };
  subgraph cluster_154672022 { label="astring"; "astring";
     };
  subgraph cluster_195080345 { label="base"; "base.caml";
     };
  subgraph cluster_198614204 { label="fpath"; "fpath";
     };
  subgraph cluster_225091939 { label="stdlib-shims"; "stdlib-shims";
     };
  subgraph cluster_284891543 { label="result"; "result";
     };
  subgraph cluster_305955603 { label="opam-repository"; "opam-repository";
     };
  subgraph cluster_344936565 { label="rresult"; "rresult";
     };
  subgraph cluster_345009057 { label="sexplib0"; "sexplib0";
     };
  subgraph cluster_37868010 { label="ppx_sexp_conv"; "ppx_sexp_conv.runtime-lib";
     };
  subgraph cluster_50838805 { label="re"; "re";
     };
  subgraph cluster_668538665 { label="fmt"; "fmt";
     };
  subgraph cluster_736354641 { label="ocamlgraph"; "ocamlgraph";
     };
  subgraph cluster_737393125 { label="sexplib"; "sexplib";
     };
  subgraph cluster_74961155 { label="bos"; "bos";
     };
  subgraph cluster_760144722 { label="cmdliner"; "cmdliner";
     };
  subgraph cluster_771236823 { label="seq"; "seq";
     };
  subgraph cluster_796857884 { label="opam-format"; "opam-format";
     };
  subgraph cluster_86790983 { label="logs"; "logs";
     };
  subgraph cluster_870055720 { label="ppx_deriving"; "ppx_deriving.runtime";
     };
  subgraph cluster_881110897 { label="opam-core"; "opam-core";
     };
  subgraph cluster_902546259 { label="(local)"; "local_package__";
    subgraph cluster_312718400 { label="ocamlgraph_extra"; "ocamlgraph_extra__Ocamlgraph_extra";"ocamlgraph_extra__Mermaid";"ocamlgraph_extra__Graphviz";"ocamlgraph_extra";
       };
    subgraph cluster_960557223 { label="depgraph"; "depgraph__Opam_index";"depgraph__Dune_describe";"depgraph__Depgraph";"depgraph";
       };
     };
  subgraph cluster_997476828 { label="opam-state"; "opam-state";
     };
  
  "depgraph" -> "bos" [ltail="cluster_960557223", ];
  "depgraph" -> "cmdliner" [ltail="cluster_960557223", ];
  "depgraph" -> "opam-state" [ltail="cluster_960557223", ];
  "depgraph" -> "ppx_deriving.runtime" [ltail="cluster_960557223", ];
  "depgraph" -> "ppx_sexp_conv.runtime-lib" [ltail="cluster_960557223", ];
  "depgraph" -> "sexplib" [ltail="cluster_960557223", ];
  "depgraph" -> "ocamlgraph_extra" [minlen=2, lhead="cluster_312718400",
                                    ltail="cluster_960557223", ];
  "depgraph" -> "depgraph__Depgraph";
  "bos" -> "fmt";
  "bos" -> "fpath";
  "bos" -> "logs";
  "bos" -> "rresult";
  "bos" -> "unix";
  "fpath" -> "astring";
  "ocamlgraph" -> "stdlib-shims";
  "opam-core" -> "ocamlgraph";
  "opam-core" -> "re";
  "opam-core" -> "bigarray";
  "opam-format" -> "opam-core";
  "opam-format" -> "opam-file-format";
  "opam-repository" -> "opam-format";
  "opam-state" -> "opam-repository";
  "parsexp" -> "base.caml";
  "parsexp" -> "sexplib0";
  "ppx_deriving.runtime" -> "result";
  "ppx_sexp_conv.runtime-lib" -> "sexplib0";
  "re" -> "seq";
  "sexplib" -> "parsexp";
  "sexplib" -> "bigarray";
  "bigarray" -> "unix";
  "ocamlgraph_extra" -> "ocamlgraph" [ltail="cluster_312718400", ];
  "ocamlgraph_extra" -> "ocamlgraph_extra__Ocamlgraph_extra";
  "depgraph__Depgraph" -> "depgraph__Dune_describe";
  "depgraph__Depgraph" -> "depgraph__Opam_index";
  "ocamlgraph_extra__Mermaid" -> "ocamlgraph_extra__Graphviz";
  "ocamlgraph_extra__Ocamlgraph_extra" -> "ocamlgraph_extra__Mermaid";
  
  }
